1742481552.218198 client started (55484): version 3.2a, socket /tmp/tmux-1000/default, protocol 8
1742481552.218224 on Linux 5.15.167.4-microsoft-standard-WSL2 #1 SMP Tue Nov 5 00:21:55 UTC 2024
1742481552.218229 using libevent 2.1.12-stable (poll); ncurses 6.3
1742481552.218243 flags are 0x18010000
1742481552.218246 socket is /tmp/tmux-1000/default
1742481552.218255 trying connect
1742481552.218335 add peer 0x555711bd0980: 6 ((nil))
1742481552.218625 sending message 100 to peer 0x555711bd0980 (4 bytes)
1742481552.218631 sending message 111 to peer 0x555711bd0980 (8 bytes)
1742481552.218635 sending message 101 to peer 0x555711bd0980 (15 bytes)
1742481552.218639 sending message 109 to peer 0x555711bd0980 (4 bytes)
1742481552.218642 sending message 102 to peer 0x555711bd0980 (11 bytes)
1742481552.218645 sending message 108 to peer 0x555711bd0980 (31 bytes)
1742481552.218649 sending message 112 to peer 0x555711bd0980 (58 bytes)
1742481552.218653 sending message 112 to peer 0x555711bd0980 (5 bytes)
1742481552.218656 sending message 112 to peer 0x555711bd0980 (5 bytes)
1742481552.218659 sending message 112 to peer 0x555711bd0980 (6 bytes)
1742481552.218661 sending message 112 to peer 0x555711bd0980 (6 bytes)
1742481552.218664 sending message 112 to peer 0x555711bd0980 (11 bytes)
1742481552.218667 sending message 112 to peer 0x555711bd0980 (10 bytes)
1742481552.218670 sending message 112 to peer 0x555711bd0980 (13 bytes)
1742481552.218673 sending message 112 to peer 0x555711bd0980 (14 bytes)
1742481552.218676 sending message 112 to peer 0x555711bd0980 (19 bytes)
1742481552.218679 sending message 112 to peer 0x555711bd0980 (11 bytes)
1742481552.218682 sending message 112 to peer 0x555711bd0980 (10 bytes)
1742481552.218685 sending message 112 to peer 0x555711bd0980 (15 bytes)
1742481552.218687 sending message 112 to peer 0x555711bd0980 (21 bytes)
1742481552.218690 sending message 112 to peer 0x555711bd0980 (13 bytes)
1742481552.218693 sending message 112 to peer 0x555711bd0980 (7 bytes)
1742481552.218696 sending message 112 to peer 0x555711bd0980 (13 bytes)
1742481552.218699 sending message 112 to peer 0x555711bd0980 (7 bytes)
1742481552.218702 sending message 112 to peer 0x555711bd0980 (13 bytes)
1742481552.218705 sending message 112 to peer 0x555711bd0980 (9 bytes)
1742481552.218708 sending message 112 to peer 0x555711bd0980 (21 bytes)
1742481552.218711 sending message 112 to peer 0x555711bd0980 (13 bytes)
1742481552.218714 sending message 112 to peer 0x555711bd0980 (9 bytes)
1742481552.218717 sending message 112 to peer 0x555711bd0980 (16 bytes)
1742481552.218720 sending message 112 to peer 0x555711bd0980 (13 bytes)
1742481552.218723 sending message 112 to peer 0x555711bd0980 (9 bytes)
1742481552.218726 sending message 112 to peer 0x555711bd0980 (9 bytes)
1742481552.218729 sending message 112 to peer 0x555711bd0980 (12 bytes)
1742481552.218732 sending message 112 to peer 0x555711bd0980 (8 bytes)
1742481552.218734 sending message 112 to peer 0x555711bd0980 (8 bytes)
1742481552.218737 sending message 112 to peer 0x555711bd0980 (13 bytes)
1742481552.218740 sending message 112 to peer 0x555711bd0980 (7 bytes)
1742481552.218743 sending message 112 to peer 0x555711bd0980 (7 bytes)
1742481552.218746 sending message 112 to peer 0x555711bd0980 (9 bytes)
1742481552.218748 sending message 112 to peer 0x555711bd0980 (9 bytes)
1742481552.218751 sending message 112 to peer 0x555711bd0980 (15 bytes)
1742481552.218754 sending message 112 to peer 0x555711bd0980 (13 bytes)
1742481552.218757 sending message 112 to peer 0x555711bd0980 (12 bytes)
1742481552.218760 sending message 112 to peer 0x555711bd0980 (8 bytes)
1742481552.218763 sending message 112 to peer 0x555711bd0980 (14 bytes)
1742481552.218766 sending message 112 to peer 0x555711bd0980 (11 bytes)
1742481552.218769 sending message 112 to peer 0x555711bd0980 (9 bytes)
1742481552.218772 sending message 112 to peer 0x555711bd0980 (10 bytes)
1742481552.218774 sending message 112 to peer 0x555711bd0980 (10 bytes)
1742481552.218777 sending message 112 to peer 0x555711bd0980 (10 bytes)
1742481552.218780 sending message 112 to peer 0x555711bd0980 (10 bytes)
1742481552.218789 sending message 112 to peer 0x555711bd0980 (11 bytes)
1742481552.218792 sending message 112 to peer 0x555711bd0980 (12 bytes)
1742481552.218795 sending message 112 to peer 0x555711bd0980 (12 bytes)
1742481552.218798 sending message 112 to peer 0x555711bd0980 (12 bytes)
1742481552.218801 sending message 112 to peer 0x555711bd0980 (12 bytes)
1742481552.218804 sending message 112 to peer 0x555711bd0980 (12 bytes)
1742481552.218807 sending message 112 to peer 0x555711bd0980 (11 bytes)
1742481552.218810 sending message 112 to peer 0x555711bd0980 (11 bytes)
1742481552.218813 sending message 112 to peer 0x555711bd0980 (12 bytes)
1742481552.218815 sending message 112 to peer 0x555711bd0980 (12 bytes)
1742481552.218818 sending message 112 to peer 0x555711bd0980 (12 bytes)
1742481552.218821 sending message 112 to peer 0x555711bd0980 (12 bytes)
1742481552.218824 sending message 112 to peer 0x555711bd0980 (12 bytes)
1742481552.218827 sending message 112 to peer 0x555711bd0980 (9 bytes)
1742481552.218830 sending message 112 to peer 0x555711bd0980 (12 bytes)
1742481552.218832 sending message 112 to peer 0x555711bd0980 (13 bytes)
1742481552.218835 sending message 112 to peer 0x555711bd0980 (13 bytes)
1742481552.218838 sending message 112 to peer 0x555711bd0980 (13 bytes)
1742481552.218841 sending message 112 to peer 0x555711bd0980 (13 bytes)
1742481552.218844 sending message 112 to peer 0x555711bd0980 (13 bytes)
1742481552.218847 sending message 112 to peer 0x555711bd0980 (8 bytes)
1742481552.218850 sending message 112 to peer 0x555711bd0980 (11 bytes)
1742481552.218853 sending message 112 to peer 0x555711bd0980 (11 bytes)
1742481552.218855 sending message 112 to peer 0x555711bd0980 (11 bytes)
1742481552.218858 sending message 112 to peer 0x555711bd0980 (12 bytes)
1742481552.218861 sending message 112 to peer 0x555711bd0980 (12 bytes)
1742481552.218864 sending message 112 to peer 0x555711bd0980 (12 bytes)
1742481552.218867 sending message 112 to peer 0x555711bd0980 (12 bytes)
1742481552.218870 sending message 112 to peer 0x555711bd0980 (13 bytes)
1742481552.218873 sending message 112 to peer 0x555711bd0980 (13 bytes)
1742481552.218875 sending message 112 to peer 0x555711bd0980 (13 bytes)
1742481552.218878 sending message 112 to peer 0x555711bd0980 (8 bytes)
1742481552.218881 sending message 112 to peer 0x555711bd0980 (13 bytes)
1742481552.218884 sending message 112 to peer 0x555711bd0980 (13 bytes)
1742481552.218887 sending message 112 to peer 0x555711bd0980 (13 bytes)
1742481552.218890 sending message 112 to peer 0x555711bd0980 (13 bytes)
1742481552.218893 sending message 112 to peer 0x555711bd0980 (13 bytes)
1742481552.218896 sending message 112 to peer 0x555711bd0980 (12 bytes)
1742481552.218899 sending message 112 to peer 0x555711bd0980 (12 bytes)
1742481552.218902 sending message 112 to peer 0x555711bd0980 (12 bytes)
1742481552.218905 sending message 112 to peer 0x555711bd0980 (12 bytes)
1742481552.218907 sending message 112 to peer 0x555711bd0980 (13 bytes)
1742481552.218910 sending message 112 to peer 0x555711bd0980 (8 bytes)
1742481552.218913 sending message 112 to peer 0x555711bd0980 (13 bytes)
1742481552.218916 sending message 112 to peer 0x555711bd0980 (13 bytes)
1742481552.218919 sending message 112 to peer 0x555711bd0980 (13 bytes)
1742481552.218921 sending message 112 to peer 0x555711bd0980 (13 bytes)
1742481552.218924 sending message 112 to peer 0x555711bd0980 (13 bytes)
1742481552.218927 sending message 112 to peer 0x555711bd0980 (13 bytes)
1742481552.218930 sending message 112 to peer 0x555711bd0980 (13 bytes)
1742481552.218933 sending message 112 to peer 0x555711bd0980 (12 bytes)
1742481552.218936 sending message 112 to peer 0x555711bd0980 (12 bytes)
1742481552.218939 sending message 112 to peer 0x555711bd0980 (12 bytes)
1742481552.218942 sending message 112 to peer 0x555711bd0980 (8 bytes)
1742481552.218945 sending message 112 to peer 0x555711bd0980 (12 bytes)
1742481552.218948 sending message 112 to peer 0x555711bd0980 (13 bytes)
1742481552.218950 sending message 112 to peer 0x555711bd0980 (13 bytes)
1742481552.218956 sending message 112 to peer 0x555711bd0980 (13 bytes)
1742481552.218959 sending message 112 to peer 0x555711bd0980 (13 bytes)
1742481552.218962 sending message 112 to peer 0x555711bd0980 (13 bytes)
1742481552.218965 sending message 112 to peer 0x555711bd0980 (13 bytes)
1742481552.218968 sending message 112 to peer 0x555711bd0980 (13 bytes)
1742481552.218970 sending message 112 to peer 0x555711bd0980 (13 bytes)
1742481552.218973 sending message 112 to peer 0x555711bd0980 (12 bytes)
1742481552.218976 sending message 112 to peer 0x555711bd0980 (10 bytes)
1742481552.218979 sending message 112 to peer 0x555711bd0980 (12 bytes)
1742481552.218982 sending message 112 to peer 0x555711bd0980 (12 bytes)
1742481552.218984 sending message 112 to peer 0x555711bd0980 (12 bytes)
1742481552.218987 sending message 112 to peer 0x555711bd0980 (13 bytes)
1742481552.218990 sending message 112 to peer 0x555711bd0980 (13 bytes)
1742481552.218993 sending message 112 to peer 0x555711bd0980 (13 bytes)
1742481552.218996 sending message 112 to peer 0x555711bd0980 (13 bytes)
1742481552.218998 sending message 112 to peer 0x555711bd0980 (13 bytes)
1742481552.219001 sending message 112 to peer 0x555711bd0980 (13 bytes)
1742481552.219004 sending message 112 to peer 0x555711bd0980 (13 bytes)
1742481552.219007 sending message 112 to peer 0x555711bd0980 (10 bytes)
1742481552.219010 sending message 112 to peer 0x555711bd0980 (13 bytes)
1742481552.219013 sending message 112 to peer 0x555711bd0980 (12 bytes)
1742481552.219016 sending message 112 to peer 0x555711bd0980 (12 bytes)
1742481552.219018 sending message 112 to peer 0x555711bd0980 (12 bytes)
1742481552.219021 sending message 112 to peer 0x555711bd0980 (10 bytes)
1742481552.219024 sending message 112 to peer 0x555711bd0980 (10 bytes)
1742481552.219027 sending message 112 to peer 0x555711bd0980 (10 bytes)
1742481552.219030 sending message 112 to peer 0x555711bd0980 (12 bytes)
1742481552.219033 sending message 112 to peer 0x555711bd0980 (13 bytes)
1742481552.219036 sending message 112 to peer 0x555711bd0980 (13 bytes)
1742481552.219039 sending message 112 to peer 0x555711bd0980 (13 bytes)
1742481552.219041 sending message 112 to peer 0x555711bd0980 (13 bytes)
1742481552.219044 sending message 112 to peer 0x555711bd0980 (13 bytes)
1742481552.219047 sending message 112 to peer 0x555711bd0980 (10 bytes)
1742481552.219050 sending message 112 to peer 0x555711bd0980 (11 bytes)
1742481552.219053 sending message 112 to peer 0x555711bd0980 (12 bytes)
1742481552.219056 sending message 112 to peer 0x555711bd0980 (12 bytes)
1742481552.219059 sending message 112 to peer 0x555711bd0980 (12 bytes)
1742481552.219062 sending message 112 to peer 0x555711bd0980 (12 bytes)
1742481552.219065 sending message 112 to peer 0x555711bd0980 (12 bytes)
1742481552.219068 sending message 112 to peer 0x555711bd0980 (11 bytes)
1742481552.219070 sending message 112 to peer 0x555711bd0980 (12 bytes)
1742481552.219073 sending message 112 to peer 0x555711bd0980 (12 bytes)
1742481552.219076 sending message 112 to peer 0x555711bd0980 (13 bytes)
1742481552.219079 sending message 112 to peer 0x555711bd0980 (13 bytes)
1742481552.219081 sending message 112 to peer 0x555711bd0980 (13 bytes)
1742481552.219084 sending message 112 to peer 0x555711bd0980 (13 bytes)
1742481552.219087 sending message 112 to peer 0x555711bd0980 (13 bytes)
1742481552.219090 sending message 112 to peer 0x555711bd0980 (10 bytes)
1742481552.219093 sending message 112 to peer 0x555711bd0980 (9 bytes)
1742481552.219095 sending message 112 to peer 0x555711bd0980 (12 bytes)
1742481552.219098 sending message 112 to peer 0x555711bd0980 (13 bytes)
1742481552.219101 sending message 112 to peer 0x555711bd0980 (13 bytes)
1742481552.219104 sending message 112 to peer 0x555711bd0980 (13 bytes)
1742481552.219107 sending message 112 to peer 0x555711bd0980 (13 bytes)
1742481552.219109 sending message 112 to peer 0x555711bd0980 (13 bytes)
1742481552.219112 sending message 112 to peer 0x555711bd0980 (9 bytes)
1742481552.219118 sending message 112 to peer 0x555711bd0980 (12 bytes)
1742481552.219121 sending message 112 to peer 0x555711bd0980 (13 bytes)
1742481552.219124 sending message 112 to peer 0x555711bd0980 (13 bytes)
1742481552.219127 sending message 112 to peer 0x555711bd0980 (13 bytes)
1742481552.219129 sending message 112 to peer 0x555711bd0980 (13 bytes)
1742481552.219132 sending message 112 to peer 0x555711bd0980 (13 bytes)
1742481552.219135 sending message 112 to peer 0x555711bd0980 (11 bytes)
1742481552.219138 sending message 112 to peer 0x555711bd0980 (12 bytes)
1742481552.219141 sending message 112 to peer 0x555711bd0980 (13 bytes)
1742481552.219144 sending message 112 to peer 0x555711bd0980 (13 bytes)
1742481552.219147 sending message 112 to peer 0x555711bd0980 (13 bytes)
1742481552.219151 sending message 112 to peer 0x555711bd0980 (13 bytes)
1742481552.219154 sending message 112 to peer 0x555711bd0980 (13 bytes)
1742481552.219156 sending message 112 to peer 0x555711bd0980 (11 bytes)
1742481552.219159 sending message 112 to peer 0x555711bd0980 (12 bytes)
1742481552.219162 sending message 112 to peer 0x555711bd0980 (12 bytes)
1742481552.219165 sending message 112 to peer 0x555711bd0980 (12 bytes)
1742481552.219168 sending message 112 to peer 0x555711bd0980 (12 bytes)
1742481552.219172 sending message 112 to peer 0x555711bd0980 (12 bytes)
1742481552.219175 sending message 112 to peer 0x555711bd0980 (21 bytes)
1742481552.219178 sending message 112 to peer 0x555711bd0980 (12 bytes)
1742481552.219181 sending message 112 to peer 0x555711bd0980 (9 bytes)
1742481552.219183 sending message 112 to peer 0x555711bd0980 (6 bytes)
1742481552.219186 sending message 112 to peer 0x555711bd0980 (13 bytes)
1742481552.219189 sending message 112 to peer 0x555711bd0980 (10 bytes)
1742481552.219192 sending message 112 to peer 0x555711bd0980 (24 bytes)
1742481552.219194 sending message 112 to peer 0x555711bd0980 (13 bytes)
1742481552.219197 sending message 112 to peer 0x555711bd0980 (9 bytes)
1742481552.219200 sending message 112 to peer 0x555711bd0980 (70 bytes)
1742481552.219203 sending message 112 to peer 0x555711bd0980 (69 bytes)
1742481552.219205 sending message 112 to peer 0x555711bd0980 (12 bytes)
1742481552.219208 sending message 112 to peer 0x555711bd0980 (10 bytes)
1742481552.219211 sending message 112 to peer 0x555711bd0980 (10 bytes)
1742481552.219214 sending message 112 to peer 0x555711bd0980 (24 bytes)
1742481552.219218 sending message 112 to peer 0x555711bd0980 (13 bytes)
1742481552.219221 sending message 112 to peer 0x555711bd0980 (10 bytes)
1742481552.219224 sending message 112 to peer 0x555711bd0980 (10 bytes)
1742481552.219227 sending message 112 to peer 0x555711bd0980 (10 bytes)
1742481552.219230 sending message 112 to peer 0x555711bd0980 (13 bytes)
1742481552.219232 sending message 112 to peer 0x555711bd0980 (15 bytes)
1742481552.219235 sending message 112 to peer 0x555711bd0980 (5 bytes)
1742481552.219239 sending message 104 to peer 0x555711bd0980 (0 bytes)
1742481552.219242 sending message 110 to peer 0x555711bd0980 (0 bytes)
1742481552.219245 sending message 107 to peer 0x555711bd0980 (4 bytes)
1742481552.219248 sending message 105 to peer 0x555711bd0980 (16 bytes)
1742481552.219251 sending message 105 to peer 0x555711bd0980 (32 bytes)
1742481552.219254 sending message 105 to peer 0x555711bd0980 (59 bytes)
1742481552.219257 sending message 105 to peer 0x555711bd0980 (45 bytes)
1742481552.219260 sending message 105 to peer 0x555711bd0980 (24 bytes)
1742481552.219262 sending message 105 to peer 0x555711bd0980 (13 bytes)
1742481552.219267 sending message 105 to peer 0x555711bd0980 (23 bytes)
1742481552.219270 sending message 105 to peer 0x555711bd0980 (15 bytes)
1742481552.219273 sending message 105 to peer 0x555711bd0980 (21 bytes)
1742481552.219276 sending message 105 to peer 0x555711bd0980 (25 bytes)
1742481552.219278 sending message 105 to peer 0x555711bd0980 (22 bytes)
1742481552.219281 sending message 105 to peer 0x555711bd0980 (45 bytes)
1742481552.219284 sending message 105 to peer 0x555711bd0980 (34 bytes)
1742481552.219289 sending message 105 to peer 0x555711bd0980 (43 bytes)
1742481552.219292 sending message 105 to peer 0x555711bd0980 (20 bytes)
1742481552.219294 sending message 105 to peer 0x555711bd0980 (13 bytes)
1742481552.219297 sending message 105 to peer 0x555711bd0980 (35 bytes)
1742481552.219300 sending message 105 to peer 0x555711bd0980 (12 bytes)
1742481552.219303 sending message 105 to peer 0x555711bd0980 (16 bytes)
1742481552.219305 sending message 105 to peer 0x555711bd0980 (15 bytes)
1742481552.219308 sending message 105 to peer 0x555711bd0980 (13 bytes)
1742481552.219311 sending message 105 to peer 0x555711bd0980 (35 bytes)
1742481552.219315 sending message 105 to peer 0x555711bd0980 (27 bytes)
1742481552.219318 sending message 105 to peer 0x555711bd0980 (37 bytes)
1742481552.219321 sending message 105 to peer 0x555711bd0980 (53 bytes)
1742481552.219323 sending message 105 to peer 0x555711bd0980 (26 bytes)
1742481552.219326 sending message 105 to peer 0x555711bd0980 (29 bytes)
1742481552.219329 sending message 105 to peer 0x555711bd0980 (17 bytes)
1742481552.219331 sending message 105 to peer 0x555711bd0980 (28 bytes)
1742481552.219334 sending message 105 to peer 0x555711bd0980 (11 bytes)
1742481552.219337 sending message 105 to peer 0x555711bd0980 (48 bytes)
1742481552.219340 sending message 105 to peer 0x555711bd0980 (23 bytes)
1742481552.219343 sending message 105 to peer 0x555711bd0980 (20 bytes)
1742481552.219345 sending message 105 to peer 0x555711bd0980 (24 bytes)
1742481552.219348 sending message 105 to peer 0x555711bd0980 (21 bytes)
1742481552.219351 sending message 105 to peer 0x555711bd0980 (24 bytes)
1742481552.219354 sending message 105 to peer 0x555711bd0980 (9 bytes)
1742481552.219356 sending message 105 to peer 0x555711bd0980 (50 bytes)
1742481552.219363 sending message 105 to peer 0x555711bd0980 (11 bytes)
1742481552.219365 sending message 105 to peer 0x555711bd0980 (21 bytes)
1742481552.219368 sending message 105 to peer 0x555711bd0980 (8 bytes)
1742481552.219371 sending message 105 to peer 0x555711bd0980 (14 bytes)
1742481552.219374 sending message 105 to peer 0x555711bd0980 (26 bytes)
1742481552.219376 sending message 105 to peer 0x555711bd0980 (56 bytes)
1742481552.219379 sending message 105 to peer 0x555711bd0980 (32 bytes)
1742481552.219382 sending message 105 to peer 0x555711bd0980 (55 bytes)
1742481552.219385 sending message 105 to peer 0x555711bd0980 (32 bytes)
1742481552.219388 sending message 105 to peer 0x555711bd0980 (25 bytes)
1742481552.219390 sending message 105 to peer 0x555711bd0980 (8 bytes)
1742481552.219393 sending message 105 to peer 0x555711bd0980 (158 bytes)
1742481552.219397 sending message 105 to peer 0x555711bd0980 (3830 bytes)
1742481552.219424 sending message 105 to peer 0x555711bd0980 (43 bytes)
1742481552.219429 sending message 105 to peer 0x555711bd0980 (19 bytes)
1742481552.219433 sending message 105 to peer 0x555711bd0980 (54 bytes)
1742481552.219436 sending message 105 to peer 0x555711bd0980 (50 bytes)
1742481552.219439 sending message 105 to peer 0x555711bd0980 (16 bytes)
1742481552.219442 sending message 105 to peer 0x555711bd0980 (35 bytes)
1742481552.219445 sending message 105 to peer 0x555711bd0980 (29 bytes)
1742481552.219448 sending message 105 to peer 0x555711bd0980 (71 bytes)
1742481552.219451 sending message 105 to peer 0x555711bd0980 (40 bytes)
1742481552.219454 sending message 105 to peer 0x555711bd0980 (18 bytes)
1742481552.219458 sending message 105 to peer 0x555711bd0980 (26 bytes)
1742481552.219461 sending message 105 to peer 0x555711bd0980 (16 bytes)
1742481552.219464 sending message 106 to peer 0x555711bd0980 (0 bytes)
1742481552.219470 sending message 200 to peer 0x555711bd0980 (4 bytes)
1742481552.219474 client loop enter
1742481552.222956 peer 0x555711bd0980 message 207
1742481552.222974 sending message 208 to peer 0x555711bd0980 (0 bytes)
1742481555.087607 peer 0x555711bd0980 message 203
1742481555.096169 sending message 205 to peer 0x555711bd0980 (0 bytes)
1742481555.096977 peer 0x555711bd0980 message 204
1742481555.096993 client loop exit
