1742481538.128467 client started (55359): version 3.2a, socket /tmp/tmux-1000/default, protocol 8
1742481538.138650 on Linux 5.15.167.4-microsoft-standard-WSL2 #1 SMP Tue Nov 5 00:21:55 UTC 2024
1742481538.138677 using libevent 2.1.12-stable (poll); ncurses 6.3
1742481538.138698 flags are 0x10010000
1742481538.138702 socket is /tmp/tmux-1000/default
1742481538.138714 trying connect
1742481538.138833 add peer 0x5578ee909c00: 6 ((nil))
1742481538.139164 sending message 100 to peer 0x5578ee909c00 (4 bytes)
1742481538.139172 sending message 111 to peer 0x5578ee909c00 (8 bytes)
1742481538.139176 sending message 101 to peer 0x5578ee909c00 (7 bytes)
1742481538.139179 sending message 109 to peer 0x5578ee909c00 (4 bytes)
1742481538.139182 sending message 102 to peer 0x5578ee909c00 (11 bytes)
1742481538.139186 sending message 108 to peer 0x5578ee909c00 (31 bytes)
1742481538.139398 sending message 112 to peer 0x5578ee909c00 (70 bytes)
1742481538.139403 sending message 112 to peer 0x5578ee909c00 (5 bytes)
1742481538.139407 sending message 112 to peer 0x5578ee909c00 (5 bytes)
1742481538.139411 sending message 112 to peer 0x5578ee909c00 (6 bytes)
1742481538.139414 sending message 112 to peer 0x5578ee909c00 (6 bytes)
1742481538.139417 sending message 112 to peer 0x5578ee909c00 (11 bytes)
1742481538.139421 sending message 112 to peer 0x5578ee909c00 (10 bytes)
1742481538.139424 sending message 112 to peer 0x5578ee909c00 (13 bytes)
1742481538.139427 sending message 112 to peer 0x5578ee909c00 (13 bytes)
1742481538.139430 sending message 112 to peer 0x5578ee909c00 (18 bytes)
1742481538.139433 sending message 112 to peer 0x5578ee909c00 (9 bytes)
1742481538.139436 sending message 112 to peer 0x5578ee909c00 (21 bytes)
1742481538.139439 sending message 112 to peer 0x5578ee909c00 (13 bytes)
1742481538.139442 sending message 112 to peer 0x5578ee909c00 (7 bytes)
1742481538.139445 sending message 112 to peer 0x5578ee909c00 (13 bytes)
1742481538.139449 sending message 112 to peer 0x5578ee909c00 (7 bytes)
1742481538.139452 sending message 112 to peer 0x5578ee909c00 (13 bytes)
1742481538.139455 sending message 112 to peer 0x5578ee909c00 (9 bytes)
1742481538.139458 sending message 112 to peer 0x5578ee909c00 (21 bytes)
1742481538.139461 sending message 112 to peer 0x5578ee909c00 (13 bytes)
1742481538.139464 sending message 112 to peer 0x5578ee909c00 (8 bytes)
1742481538.139467 sending message 112 to peer 0x5578ee909c00 (12 bytes)
1742481538.139470 sending message 112 to peer 0x5578ee909c00 (13 bytes)
1742481538.139473 sending message 112 to peer 0x5578ee909c00 (9 bytes)
1742481538.139477 sending message 112 to peer 0x5578ee909c00 (9 bytes)
1742481538.139480 sending message 112 to peer 0x5578ee909c00 (12 bytes)
1742481538.139483 sending message 112 to peer 0x5578ee909c00 (8 bytes)
1742481538.139486 sending message 112 to peer 0x5578ee909c00 (7 bytes)
1742481538.139489 sending message 112 to peer 0x5578ee909c00 (7 bytes)
1742481538.139492 sending message 112 to peer 0x5578ee909c00 (9 bytes)
1742481538.139495 sending message 112 to peer 0x5578ee909c00 (13 bytes)
1742481538.139498 sending message 112 to peer 0x5578ee909c00 (9 bytes)
1742481538.139501 sending message 112 to peer 0x5578ee909c00 (15 bytes)
1742481538.139504 sending message 112 to peer 0x5578ee909c00 (13 bytes)
1742481538.139507 sending message 112 to peer 0x5578ee909c00 (12 bytes)
1742481538.139510 sending message 112 to peer 0x5578ee909c00 (8 bytes)
1742481538.139513 sending message 112 to peer 0x5578ee909c00 (14 bytes)
1742481538.139516 sending message 112 to peer 0x5578ee909c00 (9 bytes)
1742481538.139519 sending message 112 to peer 0x5578ee909c00 (10 bytes)
1742481538.139522 sending message 112 to peer 0x5578ee909c00 (10 bytes)
1742481538.139525 sending message 112 to peer 0x5578ee909c00 (10 bytes)
1742481538.139528 sending message 112 to peer 0x5578ee909c00 (10 bytes)
1742481538.139532 sending message 112 to peer 0x5578ee909c00 (11 bytes)
1742481538.139535 sending message 112 to peer 0x5578ee909c00 (10 bytes)
1742481538.139539 sending message 112 to peer 0x5578ee909c00 (8 bytes)
1742481538.139542 sending message 112 to peer 0x5578ee909c00 (11 bytes)
1742481538.139555 sending message 112 to peer 0x5578ee909c00 (11 bytes)
1742481538.139559 sending message 112 to peer 0x5578ee909c00 (11 bytes)
1742481538.139562 sending message 112 to peer 0x5578ee909c00 (8 bytes)
1742481538.139565 sending message 112 to peer 0x5578ee909c00 (8 bytes)
1742481538.139568 sending message 112 to peer 0x5578ee909c00 (8 bytes)
1742481538.139571 sending message 112 to peer 0x5578ee909c00 (10 bytes)
1742481538.139574 sending message 112 to peer 0x5578ee909c00 (10 bytes)
1742481538.139578 sending message 112 to peer 0x5578ee909c00 (10 bytes)
1742481538.139581 sending message 112 to peer 0x5578ee909c00 (10 bytes)
1742481538.139584 sending message 112 to peer 0x5578ee909c00 (10 bytes)
1742481538.139587 sending message 112 to peer 0x5578ee909c00 (11 bytes)
1742481538.139590 sending message 112 to peer 0x5578ee909c00 (11 bytes)
1742481538.139593 sending message 112 to peer 0x5578ee909c00 (10 bytes)
1742481538.139596 sending message 112 to peer 0x5578ee909c00 (9 bytes)
1742481538.139599 sending message 112 to peer 0x5578ee909c00 (9 bytes)
1742481538.139603 sending message 112 to peer 0x5578ee909c00 (12 bytes)
1742481538.139606 sending message 112 to peer 0x5578ee909c00 (9 bytes)
1742481538.139609 sending message 112 to peer 0x5578ee909c00 (6 bytes)
1742481538.139612 sending message 112 to peer 0x5578ee909c00 (8 bytes)
1742481538.139615 sending message 112 to peer 0x5578ee909c00 (15 bytes)
1742481538.139618 sending message 112 to peer 0x5578ee909c00 (13 bytes)
1742481538.139621 sending message 112 to peer 0x5578ee909c00 (16 bytes)
1742481538.139624 sending message 112 to peer 0x5578ee909c00 (16 bytes)
1742481538.139627 sending message 112 to peer 0x5578ee909c00 (10 bytes)
1742481538.139630 sending message 112 to peer 0x5578ee909c00 (8 bytes)
1742481538.139633 sending message 112 to peer 0x5578ee909c00 (15 bytes)
1742481538.139636 sending message 112 to peer 0x5578ee909c00 (13 bytes)
1742481538.139639 sending message 112 to peer 0x5578ee909c00 (10 bytes)
1742481538.139642 sending message 112 to peer 0x5578ee909c00 (10 bytes)
1742481538.139645 sending message 112 to peer 0x5578ee909c00 (5 bytes)
1742481538.139648 sending message 112 to peer 0x5578ee909c00 (15 bytes)
1742481538.139652 sending message 104 to peer 0x5578ee909c00 (0 bytes)
1742481538.139656 sending message 110 to peer 0x5578ee909c00 (0 bytes)
1742481538.139660 sending message 107 to peer 0x5578ee909c00 (4 bytes)
1742481538.139663 sending message 105 to peer 0x5578ee909c00 (16 bytes)
1742481538.139666 sending message 105 to peer 0x5578ee909c00 (32 bytes)
1742481538.139669 sending message 105 to peer 0x5578ee909c00 (59 bytes)
1742481538.139672 sending message 105 to peer 0x5578ee909c00 (45 bytes)
1742481538.139676 sending message 105 to peer 0x5578ee909c00 (24 bytes)
1742481538.139679 sending message 105 to peer 0x5578ee909c00 (26 bytes)
1742481538.139682 sending message 105 to peer 0x5578ee909c00 (13 bytes)
1742481538.139685 sending message 105 to peer 0x5578ee909c00 (23 bytes)
1742481538.139688 sending message 105 to peer 0x5578ee909c00 (36 bytes)
1742481538.139691 sending message 105 to peer 0x5578ee909c00 (15 bytes)
1742481538.139694 sending message 105 to peer 0x5578ee909c00 (21 bytes)
1742481538.139698 sending message 105 to peer 0x5578ee909c00 (25 bytes)
1742481538.139701 sending message 105 to peer 0x5578ee909c00 (22 bytes)
1742481538.139704 sending message 105 to peer 0x5578ee909c00 (45 bytes)
1742481538.139707 sending message 105 to peer 0x5578ee909c00 (34 bytes)
1742481538.139710 sending message 105 to peer 0x5578ee909c00 (43 bytes)
1742481538.139713 sending message 105 to peer 0x5578ee909c00 (20 bytes)
1742481538.139716 sending message 105 to peer 0x5578ee909c00 (13 bytes)
1742481538.139719 sending message 105 to peer 0x5578ee909c00 (35 bytes)
1742481538.139722 sending message 105 to peer 0x5578ee909c00 (12 bytes)
1742481538.139725 sending message 105 to peer 0x5578ee909c00 (16 bytes)
1742481538.139728 sending message 105 to peer 0x5578ee909c00 (15 bytes)
1742481538.139731 sending message 105 to peer 0x5578ee909c00 (13 bytes)
1742481538.139740 sending message 105 to peer 0x5578ee909c00 (35 bytes)
1742481538.139743 sending message 105 to peer 0x5578ee909c00 (27 bytes)
1742481538.139746 sending message 105 to peer 0x5578ee909c00 (37 bytes)
1742481538.139749 sending message 105 to peer 0x5578ee909c00 (53 bytes)
1742481538.139752 sending message 105 to peer 0x5578ee909c00 (26 bytes)
1742481538.139755 sending message 105 to peer 0x5578ee909c00 (29 bytes)
1742481538.139758 sending message 105 to peer 0x5578ee909c00 (17 bytes)
1742481538.139761 sending message 105 to peer 0x5578ee909c00 (28 bytes)
1742481538.139764 sending message 105 to peer 0x5578ee909c00 (11 bytes)
1742481538.139767 sending message 105 to peer 0x5578ee909c00 (86 bytes)
1742481538.139770 sending message 105 to peer 0x5578ee909c00 (23 bytes)
1742481538.139773 sending message 105 to peer 0x5578ee909c00 (12 bytes)
1742481538.139776 sending message 105 to peer 0x5578ee909c00 (24 bytes)
1742481538.139779 sending message 105 to peer 0x5578ee909c00 (21 bytes)
1742481538.139782 sending message 105 to peer 0x5578ee909c00 (24 bytes)
1742481538.139786 sending message 105 to peer 0x5578ee909c00 (9 bytes)
1742481538.139789 sending message 105 to peer 0x5578ee909c00 (13 bytes)
1742481538.139792 sending message 105 to peer 0x5578ee909c00 (50 bytes)
1742481538.139795 sending message 105 to peer 0x5578ee909c00 (11 bytes)
1742481538.139798 sending message 105 to peer 0x5578ee909c00 (8 bytes)
1742481538.139801 sending message 105 to peer 0x5578ee909c00 (21 bytes)
1742481538.139804 sending message 105 to peer 0x5578ee909c00 (14 bytes)
1742481538.139807 sending message 105 to peer 0x5578ee909c00 (26 bytes)
1742481538.139810 sending message 105 to peer 0x5578ee909c00 (56 bytes)
1742481538.139813 sending message 105 to peer 0x5578ee909c00 (32 bytes)
1742481538.139816 sending message 105 to peer 0x5578ee909c00 (55 bytes)
1742481538.139819 sending message 105 to peer 0x5578ee909c00 (32 bytes)
1742481538.139822 sending message 105 to peer 0x5578ee909c00 (25 bytes)
1742481538.139825 sending message 105 to peer 0x5578ee909c00 (8 bytes)
1742481538.139829 sending message 105 to peer 0x5578ee909c00 (158 bytes)
1742481538.139833 sending message 105 to peer 0x5578ee909c00 (4010 bytes)
1742481538.139857 sending message 105 to peer 0x5578ee909c00 (43 bytes)
1742481538.139861 sending message 105 to peer 0x5578ee909c00 (19 bytes)
1742481538.139864 sending message 105 to peer 0x5578ee909c00 (54 bytes)
1742481538.139867 sending message 105 to peer 0x5578ee909c00 (50 bytes)
1742481538.139870 sending message 105 to peer 0x5578ee909c00 (16 bytes)
1742481538.139873 sending message 105 to peer 0x5578ee909c00 (35 bytes)
1742481538.139876 sending message 105 to peer 0x5578ee909c00 (29 bytes)
1742481538.139879 sending message 105 to peer 0x5578ee909c00 (71 bytes)
1742481538.139882 sending message 105 to peer 0x5578ee909c00 (40 bytes)
1742481538.139885 sending message 105 to peer 0x5578ee909c00 (18 bytes)
1742481538.139888 sending message 105 to peer 0x5578ee909c00 (18 bytes)
1742481538.139891 sending message 105 to peer 0x5578ee909c00 (16 bytes)
1742481538.139894 sending message 106 to peer 0x5578ee909c00 (0 bytes)
1742481538.139900 sending message 200 to peer 0x5578ee909c00 (4 bytes)
1742481538.139904 client loop enter
1742481538.140622 peer 0x5578ee909c00 message 303
1742481538.140643 open write file 2 -
1742481538.140660 sending message 305 to peer 0x5578ee909c00 (8 bytes)
1742481538.140784 write check file 2
1742481538.141315 peer 0x5578ee909c00 message 304
1742481538.141336 write 58 to file 2
1742481538.141344 peer 0x5578ee909c00 message 203
1742481538.141348 file 2 58 bytes left
1742481538.141370 write check file 2
1742481538.141374 client loop exit
